
R1#
R1#
R1#
R1#
R1#show ip bg
R1#show ip bgp 
BGP table version is 37, local router ID is 1.1.1.1
Status codes: s suppressed, d damped, h history, * valid, > best, i - internal, 
              r RIB-failure, S Stale, m multipath, b backup-path, f RT-Filter, 
              x best-external, a additional-path, c RIB-compressed, 
              t secondary path, 
Origin codes: i - IGP, e - EGP, ? - incomplete
RPKI validation codes: V valid, I invalid, N Not found

     Network          Next Hop            Metric LocPrf Weight Path
 *>   1.1.1.1/32       0.0.0.0                  0         32768 i
 r>i  2.2.2.2/32       2.2.2.2                  0    100      0 i
 r>i  3.3.3.3/32       3.3.3.3                  0    100      0 i
 *>i  7.7.7.7/32       3.3.3.3                  0    100      0 7 i
 * i  8.8.8.8/32       10.8.11.8                0    100      0 8 i
 *>i  10.2.10.0/24     2.2.2.2                  0    100      0 i
 *>i  10.10.10.10/32   10.2.10.10               0    100      0 10 i
 r>i  11.11.11.11/32   11.11.11.11              0    100      0 i
 r>i  12.12.12.12/32   12.12.12.12              0    100      0 i
 r>i  13.13.13.13/32   13.13.13.13              0    100      0 i
 *>i  14.14.14.14/32   13.13.13.13              0    100      0 14 i
R1#show ip route b
R1#show ip route bgp 
Codes: L - local, C - connected, S - static, R - RIP, M - mobile, B - BGP
       D - EIGRP, EX - EIGRP external, O - OSPF, IA - OSPF inter area 
       N1 - OSPF NSSA external type 1, N2 - OSPF NSSA external type 2
       E1 - OSPF external type 1, E2 - OSPF external type 2
       i - IS-IS, su - IS-IS summary, L1 - IS-IS level-1, L2 - IS-IS level-2
       ia - IS-IS inter area, * - candidate default, U - per-user static route
       o - ODR, P - periodic downloaded static route, H - NHRP, l - LISP
       a - application route
       + - replicated route, % - next hop override, p - overrides from PfR

Gateway of last resort is not set

      7.0.0.0/32 is subnetted, 1 subnets
B        7.7.7.7 [200/0] via 3.3.3.3, 02:22:25
      10.0.0.0/8 is variably subnetted, 18 subnets, 2 masks
B        10.2.10.0/24 [200/0] via 2.2.2.2, 02:26:10
B        10.10.10.10/32 [200/0] via 10.2.10.10, 02:26:10
      14.0.0.0/32 is subnetted, 1 subnets
B        14.14.14.14 [200/0] via 13.13.13.13, 02:22:11
R1#
*Sep 13 17:27:40.328: %BGP-3-NOTIFICATION: received from neighbor 11.11.11.11 6/4 (Administrative Reset) 0 bytes 
*Sep 13 17:27:40.329: %BGP-5-NBR_RESET: Neighbor 11.11.11.11 reset (BGP Notification received)
*Sep 13 17:27:40.335: %BGP-5-ADJCHANGE: neighbor 11.11.11.11 Down BGP Notification received
*Sep 13 17:27:40.336: %BGP_SESSION-5-ADJCHANGE: neighbor 11.11.11.11 IPv4 Unicast topology base removed from session  BGP Notification received
*Sep 13 17:27:41.522: %BGP-5-ADJCHANGE: neighbor 11.11.11.11 Up 
R1#
R1#
R1#
R1#
R1#
R1#
R1#
R1#
R1#show ip route bgp 
Codes: L - local, C - connected, S - static, R - RIP, M - mobile, B - BGP
       D - EIGRP, EX - EIGRP external, O - OSPF, IA - OSPF inter area 
       N1 - OSPF NSSA external type 1, N2 - OSPF NSSA external type 2
       E1 - OSPF external type 1, E2 - OSPF external type 2
       i - IS-IS, su - IS-IS summary, L1 - IS-IS level-1, L2 - IS-IS level-2
       ia - IS-IS inter area, * - candidate default, U - per-user static route
       o - ODR, P - periodic downloaded static route, H - NHRP, l - LISP
       a - application route
       + - replicated route, % - next hop override, p - overrides from PfR

Gateway of last resort is not set

      7.0.0.0/32 is subnetted, 1 subnets
B        7.7.7.7 [200/0] via 3.3.3.3, 02:23:18
      10.0.0.0/8 is variably subnetted, 18 subnets, 2 masks
B        10.2.10.0/24 [200/0] via 2.2.2.2, 02:27:03
B        10.10.10.10/32 [200/0] via 10.2.10.10, 02:27:03
      14.0.0.0/32 is subnetted, 1 subnets
B        14.14.14.14 [200/0] via 13.13.13.13, 02:23:04
R1#show ip bgp       
BGP table version is 39, local router ID is 1.1.1.1
Status codes: s suppressed, d damped, h history, * valid, > best, i - internal, 
              r RIB-failure, S Stale, m multipath, b backup-path, f RT-Filter, 
              x best-external, a additional-path, c RIB-compressed, 
              t secondary path, 
Origin codes: i - IGP, e - EGP, ? - incomplete
RPKI validation codes: V valid, I invalid, N Not found

     Network          Next Hop            Metric LocPrf Weight Path
 *>   1.1.1.1/32       0.0.0.0                  0         32768 i
 r>i  2.2.2.2/32       2.2.2.2                  0    100      0 i
 r>i  3.3.3.3/32       3.3.3.3                  0    100      0 i
 *>i  7.7.7.7/32       3.3.3.3                  0    100      0 7 i
 * i  8.8.8.8/32       10.8.11.8                0    100      0 8 i
 *>i  10.2.10.0/24     2.2.2.2                  0    100      0 i
 *>i  10.10.10.10/32   10.2.10.10               0    100      0 10 i
 r>i  11.11.11.11/32   11.11.11.11              0    100      0 i
 r>i  12.12.12.12/32   12.12.12.12              0    100      0 i
 r>i  13.13.13.13/32   13.13.13.13              0    100      0 i
 *>i  14.14.14.14/32   13.13.13.13              0    100      0 14 i
R1#show ip bg
R1#show ip bgp 8.8.8.8.
                      ^
% Invalid input detected at '^' marker.

R1#show ip bgp 8.8.8.8 
BGP routing table entry for 8.8.8.8/32, version 0
Paths: (1 available, no best path)
  Not advertised to any peer
  Refresh Epoch 1
  8, (Received from a RR-client)
    10.8.11.8 (inaccessible) from 11.11.11.11 (11.11.11.11)
      Origin IGP, metric 0, localpref 100, valid, internal
      rx pathid: 0, tx pathid: 0
R1#
R1#
R1#
R1#
R1#show run
Building configuration...

Current configuration : 3481 bytes
!
! Last configuration change at 15:07:38 UTC Sun Sep 13 2020
!
version 16.6
service timestamps debug datetime msec
service timestamps log datetime msec
platform qfp utilization monitor load 80
no platform punt-keepalive disable-kernel-core
platform console serial
!
hostname R1
!
boot-start-marker
boot-end-marker
!
!
!
no aaa new-model
!
!
!
!         
!
!
!
no ip domain lookup
!
!
!
no login on-success log
!
!
!
!
!
!
!
subscriber templating
! 
! 
! 
! 
!
ipv6 unicast-routing
!         
!
multilink bundle-name authenticated
!
!
!
!
!
crypto pki trustpoint TP-self-signed-1979137170
 enrollment selfsigned
 subject-name cn=IOS-Self-Signed-Certificate-1979137170
 revocation-check none
 rsakeypair TP-self-signed-1979137170
!
!
crypto pki certificate chain TP-self-signed-1979137170
!
!
!
!
!
!
!
!         
!
license udi pid CSR1000V sn 9QTYAY0I00V
diagnostic bootup level minimal
spanning-tree extend system-id
!
!
!
!
redundancy
!
!
!
!
!
!
! 
!
!
!
!
!
!
!         
!
!
!
!
!
! 
! 
!
!
interface Loopback0
 ip address 1.1.1.1 255.255.255.255
 ipv6 address 2001::1/128
!
interface GigabitEthernet1
 no ip address
 negotiation auto
 no mop enabled
 no mop sysid
!
interface GigabitEthernet1.12
 encapsulation dot1Q 12
 ip address 10.1.2.1 255.255.255.0
 ip router isis 1
 ipv6 address 2001:1:2::1/64
 ipv6 router isis 1
!
interface GigabitEthernet1.15
 encapsulation dot1Q 15
 ip address 10.1.5.1 255.255.255.0
 ipv6 address 2001:1:5::1/64
!
interface GigabitEthernet1.111
 encapsulation dot1Q 111
 ip address 10.1.11.1 255.255.255.0
 ip router isis 1
 ipv6 address 2001:1:11::1/64
 ipv6 router isis 1
!
interface GigabitEthernet1.112
 encapsulation dot1Q 112
 ip address 10.1.12.1 255.255.255.0
 ip router isis 1
 ipv6 address 2001:1:12::1/64
 ipv6 router isis 1
!
interface GigabitEthernet2
 no ip address
 shutdown
 negotiation auto
 no mop enabled
 no mop sysid
!
interface GigabitEthernet3
 no ip address
 shutdown
 negotiation auto
 no mop enabled
 no mop sysid
!
interface GigabitEthernet4
 no ip address
 shutdown
 negotiation auto
 no mop enabled
 no mop sysid
!
router isis 1
 net 00.0000.0000.0001.00
 is-type level-2-only
 metric-style wide
 passive-interface Loopback0
 !
 address-family ipv6
  multi-topology
 exit-address-family
!
router bgp 1
 template peer-policy IPV4_IBGP_RR_CLIENS
  route-reflector-client
 exit-peer-policy
 !
 template peer-session IBGP_PEERS
  remote-as 1
  update-source Loopback0
 exit-peer-session
 !
 bgp log-neighbor-changes
 neighbor 2.2.2.2 inherit peer-session IBGP_PEERS
 neighbor 3.3.3.3 inherit peer-session IBGP_PEERS
 neighbor 11.11.11.11 inherit peer-session IBGP_PEERS
 neighbor 12.12.12.12 inherit peer-session IBGP_PEERS
 neighbor 13.13.13.13 inherit peer-session IBGP_PEERS
 !
 address-family ipv4
  network 1.1.1.1 mask 255.255.255.255
  neighbor 2.2.2.2 activate
  neighbor 2.2.2.2 inherit peer-policy IPV4_IBGP_RR_CLIENS
  neighbor 3.3.3.3 activate
  neighbor 3.3.3.3 inherit peer-policy IPV4_IBGP_RR_CLIENS
  neighbor 11.11.11.11 activate
  neighbor 11.11.11.11 inherit peer-policy IPV4_IBGP_RR_CLIENS
  neighbor 12.12.12.12 activate
  neighbor 12.12.12.12 inherit peer-policy IPV4_IBGP_RR_CLIENS
  neighbor 13.13.13.13 activate
  neighbor 13.13.13.13 inherit peer-policy IPV4_IBGP_RR_CLIENS
 exit-address-family
!
!
virtual-service csr_mgmt
!
ip forward-protocol nd
ip http server
ip http authentication local
ip http secure-server
!         
!         
!         
!         
!         
          
R1#
R1#
R1#
R1#show ip rou
R1#show ip route b
R1#show ip route bgp 
Codes: L - local, C - connected, S - static, R - RIP, M - mobile, B - BGP
       D - EIGRP, EX - EIGRP external, O - OSPF, IA - OSPF inter area 
       N1 - OSPF NSSA external type 1, N2 - OSPF NSSA external type 2
       E1 - OSPF external type 1, E2 - OSPF external type 2
       i - IS-IS, su - IS-IS summary, L1 - IS-IS level-1, L2 - IS-IS level-2
       ia - IS-IS inter area, * - candidate default, U - per-user static route
       o - ODR, P - periodic downloaded static route, H - NHRP, l - LISP
       a - application route
       + - replicated route, % - next hop override, p - overrides from PfR

Gateway of last resort is not set

      7.0.0.0/32 is subnetted, 1 subnets
B        7.7.7.7 [200/0] via 3.3.3.3, 02:29:49
      10.0.0.0/8 is variably subnetted, 18 subnets, 2 masks
B        10.2.10.0/24 [200/0] via 2.2.2.2, 02:33:34
B        10.10.10.10/32 [200/0] via 10.2.10.10, 02:33:34
      14.0.0.0/32 is subnetted, 1 subnets
B        14.14.14.14 [200/0] via 13.13.13.13, 02:29:35
R1#
R1#
R1#
R1#
R1#
R1#show ip rou
R1#show ip bg      
R1#show ip bgp 8.8.8.8 
BGP routing table entry for 8.8.8.8/32, version 0
Paths: (1 available, no best path)
  Not advertised to any peer
  Refresh Epoch 1
  8, (Received from a RR-client)
    10.8.11.8 (inaccessible) from 11.11.11.11 (11.11.11.11)
      Origin IGP, metric 0, localpref 100, valid, internal
      rx pathid: 0, tx pathid: 0
R1#show ip bgp 8.8.8.8
BGP routing table entry for 8.8.8.8/32, version 0
Paths: (1 available, no best path)
  Not advertised to any peer
  Refresh Epoch 1
  8, (Received from a RR-client)
    10.8.11.8 (inaccessible) from 11.11.11.11 (11.11.11.11)
      Origin IGP, metric 0, localpref 100, valid, internal
      rx pathid: 0, tx pathid: 0
R1#show ip bgp 8.8.8.8
BGP routing table entry for 8.8.8.8/32, version 0
Paths: (1 available, no best path)
  Not advertised to any peer
  Refresh Epoch 1
  8, (Received from a RR-client)
    10.8.11.8 (inaccessible) from 11.11.11.11 (11.11.11.11)
      Origin IGP, metric 0, localpref 100, valid, internal
      rx pathid: 0, tx pathid: 0
R1#
R1#
R1#
R1#
R1#
R1#show ip bgp 8.8.8.8
BGP routing table entry for 8.8.8.8/32, version 0
Paths: (1 available, no best path)
  Not advertised to any peer
  Refresh Epoch 1
  8, (Received from a RR-client)
    10.8.11.8 (inaccessible) from 11.11.11.11 (11.11.11.11)
      Origin IGP, metric 0, localpref 100, valid, internal
      rx pathid: 0, tx pathid: 0
R1#show ip bgp 8.8.8.8
BGP routing table entry for 8.8.8.8/32, version 0
Paths: (1 available, no best path)
  Not advertised to any peer
  Refresh Epoch 1
  8, (Received from a RR-client)
    10.8.11.8 (inaccessible) from 11.11.11.11 (11.11.11.11)
      Origin IGP, metric 0, localpref 100, valid, internal
      rx pathid: 0, tx pathid: 0
R1#show ip bgp 8.8.8.8
BGP routing table entry for 8.8.8.8/32, version 0
Paths: (1 available, no best path)
  Not advertised to any peer
  Refresh Epoch 1
  8, (Received from a RR-client)
    10.8.11.8 (inaccessible) from 11.11.11.11 (11.11.11.11)
      Origin IGP, metric 0, localpref 100, valid, internal
      rx pathid: 0, tx pathid: 0
R1#show ip bgp 8.8.8.8
BGP routing table entry for 8.8.8.8/32, version 0
Paths: (1 available, no best path)
  Not advertised to any peer
  Refresh Epoch 1
  8, (Received from a RR-client)
    10.8.11.8 (inaccessible) from 11.11.11.11 (11.11.11.11)
      Origin IGP, metric 0, localpref 100, valid, internal
      rx pathid: 0, tx pathid: 0
R1#show ip bgp 8.8.8.8
BGP routing table entry for 8.8.8.8/32, version 0
Paths: (1 available, no best path)
  Not advertised to any peer
  Refresh Epoch 1
  8, (Received from a RR-client)
    10.8.11.8 (inaccessible) from 11.11.11.11 (11.11.11.11)
      Origin IGP, metric 0, localpref 100, valid, internal
      rx pathid: 0, tx pathid: 0
R1#show ip bgp 8.8.8.8
BGP routing table entry for 8.8.8.8/32, version 0
Paths: (1 available, no best path)
  Not advertised to any peer
  Refresh Epoch 1
  8, (Received from a RR-client)
    10.8.11.8 (inaccessible) from 11.11.11.11 (11.11.11.11)
      Origin IGP, metric 0, localpref 100, valid, internal
      rx pathid: 0, tx pathid: 0
R1#show ip bgp 8.8.8.8
BGP routing table entry for 8.8.8.8/32, version 0
Paths: (1 available, no best path)
  Not advertised to any peer
  Refresh Epoch 1
  8, (Received from a RR-client)
    10.8.11.8 (inaccessible) from 11.11.11.11 (11.11.11.11)
      Origin IGP, metric 0, localpref 100, valid, internal
      rx pathid: 0, tx pathid: 0
R1#show ip bgp 8.8.8.8
BGP routing table entry for 8.8.8.8/32, version 0
Paths: (1 available, no best path)
  Not advertised to any peer
  Refresh Epoch 1
  8, (Received from a RR-client)
    10.8.11.8 (inaccessible) from 11.11.11.11 (11.11.11.11)
      Origin IGP, metric 0, localpref 100, valid, internal
      rx pathid: 0, tx pathid: 0
R1#
R1#
R1#
R1#show ip bgp 8.8.8.8
BGP routing table entry for 8.8.8.8/32, version 41
Paths: (1 available, best #1, table default)
  Advertised to update-groups:
     2         
  Refresh Epoch 1
  8, (Received from a RR-client)
    10.8.11.8 (metric 10) from 11.11.11.11 (11.11.11.11)
      Origin IGP, metric 0, localpref 100, valid, internal, best
      rx pathid: 0, tx pathid: 0x0
R1#show ip b
BGP table version is 41, local router ID is 1.1.1.1
Status codes: s suppressed, d damped, h history, * valid, > best, i - internal, 
              r RIB-failure, S Stale, m multipath, b backup-path, f RT-Filter, 
              x best-external, a additional-path, c RIB-compressed, 
              t secondary path, 
Origin codes: i - IGP, e - EGP, ? - incomplete
RPKI validation codes: V valid, I invalid, N Not found

     Network          Next Hop            Metric LocPrf Weight Path
 *>   1.1.1.1/32       0.0.0.0                  0         32768 i
 r>i  2.2.2.2/32       2.2.2.2                  0    100      0 i
 r>i  3.3.3.3/32       3.3.3.3                  0    100      0 i
 *>i  7.7.7.7/32       3.3.3.3                  0    100      0 7 i
 *>i  8.8.8.8/32       10.8.11.8                0    100      0 8 i
 *>i  10.2.10.0/24     2.2.2.2                  0    100      0 i
 *>i  10.8.11.0/24     11.11.11.11              0    100      0 i
 *>i  10.10.10.10/32   10.2.10.10               0    100      0 10 i
 r>i  11.11.11.11/32   11.11.11.11              0    100      0 i
 r>i  12.12.12.12/32   12.12.12.12              0    100      0 i
 r>i  13.13.13.13/32   13.13.13.13              0    100      0 i
 *>i  14.14.14.14/32   13.13.13.13              0    100      0 14 i
R1#show ip route b
Codes: L - local, C - connected, S - static, R - RIP, M - mobile, B - BGP
       D - EIGRP, EX - EIGRP external, O - OSPF, IA - OSPF inter area 
       N1 - OSPF NSSA external type 1, N2 - OSPF NSSA external type 2
       E1 - OSPF external type 1, E2 - OSPF external type 2
       i - IS-IS, su - IS-IS summary, L1 - IS-IS level-1, L2 - IS-IS level-2
       ia - IS-IS inter area, * - candidate default, U - per-user static route
       o - ODR, P - periodic downloaded static route, H - NHRP, l - LISP
       a - application route
       + - replicated route, % - next hop override, p - overrides from PfR

Gateway of last resort is not set

      7.0.0.0/32 is subnetted, 1 subnets
B        7.7.7.7 [200/0] via 3.3.3.3, 02:43:19
      8.0.0.0/32 is subnetted, 1 subnets
B        8.8.8.8 [200/0] via 10.8.11.8, 00:00:26
      10.0.0.0/8 is variably subnetted, 19 subnets, 2 masks
B        10.2.10.0/24 [200/0] via 2.2.2.2, 02:47:04
B        10.8.11.0/24 [200/0] via 11.11.11.11, 00:00:31
B        10.10.10.10/32 [200/0] via 10.2.10.10, 02:47:04
      14.0.0.0/32 is subnetted, 1 subnets
B        14.14.14.14 [200/0] via 13.13.13.13, 02:43:05
R1#ping 8.8.8.8
Type escape sequence to abort.
Sending 5, 100-byte ICMP Echos to 8.8.8.8, timeout is 2 seconds:
...
Success rate is 0 percent (0/3)
R1#ping 8.8.8.8 so
R1#ping 8.8.8.8 source lo
R1#ping 8.8.8.8 source loo
R1#ping 8.8.8.8 source loopback0
Type escape sequence to abort.
Sending 5, 100-byte ICMP Echos to 8.8.8.8, timeout is 2 seconds:
Packet sent with a source address of 1.1.1.1 
!!!!!
Success rate is 100 percent (5/5), round-trip min/avg/max = 15/20/30 ms
R1#
R1#
R1#
R1#
R1#wr
Building configuration...
[OK]
R1#
R1#
R1#
R1#terminal length 0
R1#more system:running-config
!
! Last configuration change at 15:07:38 UTC Sun Sep 13 2020
!
version 16.6
service timestamps debug datetime msec
service timestamps log datetime msec
platform qfp utilization monitor load 80
no platform punt-keepalive disable-kernel-core
platform console serial
!
hostname R1
!
boot-start-marker
boot-end-marker
!
!
!
no aaa new-model
!
!
!
!
!
!
!
no ip domain lookup
!
!
!
no login on-success log
!
!
!
!
!
!
!
subscriber templating
! 
! 
! 
! 
!
ipv6 unicast-routing
!
!
multilink bundle-name authenticated
!
!
!
!
!
crypto pki trustpoint TP-self-signed-1979137170
 enrollment selfsigned
 subject-name cn=IOS-Self-Signed-Certificate-1979137170
 revocation-check none
 rsakeypair TP-self-signed-1979137170
!
!
crypto pki certificate chain TP-self-signed-1979137170
!
!
!
!
!
!
!
!
!
license udi pid CSR1000V sn 9QTYAY0I00V
diagnostic bootup level minimal
spanning-tree extend system-id
!
!
!
!
redundancy
!
!
!
!
!
!
! 
!
!
!
!
!
!
!
!
!
!
!
!
! 
! 
!
!
interface Loopback0
 ip address 1.1.1.1 255.255.255.255
 ipv6 address 2001::1/128
!
interface GigabitEthernet1
 no ip address
 negotiation auto
 no mop enabled
 no mop sysid
!
interface GigabitEthernet1.12
 encapsulation dot1Q 12
 ip address 10.1.2.1 255.255.255.0
 ip router isis 1
 ipv6 address 2001:1:2::1/64
 ipv6 router isis 1
!
interface GigabitEthernet1.15
 encapsulation dot1Q 15
 ip address 10.1.5.1 255.255.255.0
 ipv6 address 2001:1:5::1/64
!
interface GigabitEthernet1.111
 encapsulation dot1Q 111
 ip address 10.1.11.1 255.255.255.0
 ip router isis 1
 ipv6 address 2001:1:11::1/64
 ipv6 router isis 1
!
interface GigabitEthernet1.112
 encapsulation dot1Q 112
 ip address 10.1.12.1 255.255.255.0
 ip router isis 1
 ipv6 address 2001:1:12::1/64
 ipv6 router isis 1
!
interface GigabitEthernet2
 no ip address
 shutdown
 negotiation auto
 no mop enabled
 no mop sysid
!
interface GigabitEthernet3
 no ip address
 shutdown
 negotiation auto
 no mop enabled
 no mop sysid
!
interface GigabitEthernet4
 no ip address
 shutdown
 negotiation auto
 no mop enabled
 no mop sysid
!
router isis 1
 net 00.0000.0000.0001.00
 is-type level-2-only
 metric-style wide
 passive-interface Loopback0
 !
 address-family ipv6
  multi-topology
 exit-address-family
!
router bgp 1
 template peer-policy IPV4_IBGP_RR_CLIENS
  route-reflector-client
 exit-peer-policy
 !
 template peer-session IBGP_PEERS
  remote-as 1
  update-source Loopback0
 exit-peer-session
 !
 bgp log-neighbor-changes
 neighbor 2.2.2.2 inherit peer-session IBGP_PEERS
 neighbor 3.3.3.3 inherit peer-session IBGP_PEERS
 neighbor 11.11.11.11 inherit peer-session IBGP_PEERS
 neighbor 12.12.12.12 inherit peer-session IBGP_PEERS
 neighbor 13.13.13.13 inherit peer-session IBGP_PEERS
 !
 address-family ipv4
  network 1.1.1.1 mask 255.255.255.255
  neighbor 2.2.2.2 activate
  neighbor 2.2.2.2 inherit peer-policy IPV4_IBGP_RR_CLIENS
  neighbor 3.3.3.3 activate
  neighbor 3.3.3.3 inherit peer-policy IPV4_IBGP_RR_CLIENS
  neighbor 11.11.11.11 activate
  neighbor 11.11.11.11 inherit peer-policy IPV4_IBGP_RR_CLIENS
  neighbor 12.12.12.12 activate
  neighbor 12.12.12.12 inherit peer-policy IPV4_IBGP_RR_CLIENS
  neighbor 13.13.13.13 activate
  neighbor 13.13.13.13 inherit peer-policy IPV4_IBGP_RR_CLIENS
 exit-address-family
!
!
virtual-service csr_mgmt
!
ip forward-protocol nd
ip http server
ip http authentication local
ip http secure-server
!
!
!
!
!
!
control-plane
!
!
!
!
!
!
line con 0
 exec-timeout 0 0
 stopbits 1
line vty 0 4
 login
!
!
!
!
!
!
end
quit





























































R1 con0 is now available





Press RETURN to get started.






R1>
R1>
R1>
R1>
R1>
R1>
R1>
R1>
R1>
R1>en
R1#show ip bgp 8.8.8.8
BGP routing table entry for 8.8.8.8/32, version 41
Paths: (1 available, best #1, table default)
  Advertised to update-groups:
     2         
  Refresh Epoch 1
  8, (Received from a RR-client)
    10.8.11.8 (metric 10) from 11.11.11.11 (11.11.11.11)
      Origin IGP, metric 0, localpref 100, valid, internal, best
      rx pathid: 0, tx pathid: 0x0
R1#
R1#
R1#
R1#show ip bgp 8.8.8.8
BGP routing table entry for 8.8.8.8/32, version 41
Paths: (1 available, best #1, table default)
  Advertised to update-groups:
     2         
  Refresh Epoch 1
  8, (Received from a RR-client)
    10.8.11.8 (metric 10) from 11.11.11.11 (11.11.11.11)
      Origin IGP, metric 0, localpref 100, valid, internal, best
      rx pathid: 0, tx pathid: 0x0
